// Jest Snapshot v1, https://goo.gl/fbAQLP

exports[`renders correctly 1`] = `
<DocumentFragment>
  <div
    class="ub-box-szg_border-box"
  >
    <div
      class="ub-dspl_flex ub-box-szg_border-box"
    >
      <div
        class="ub-dspl_flex ub-algn-itms_center ub-flx_1 ub-box-szg_border-box"
      >
        <input
          aria-invalid="false"
          class="ub-w_100prcnt ub-fnt-fam_b77syt ub-otln_iu2jf4 ub-txt-deco_none ub-b-btm-clr_d8dae5 ub-b-lft-clr_d8dae5 ub-b-rgt-clr_d8dae5 ub-b-top-clr_d8dae5 ub-bblr_4px ub-bbrr_3px ub-btlr_4px ub-btrr_3px ub-b-btm-stl_solid ub-b-lft-stl_solid ub-b-rgt-stl_solid ub-b-top-stl_solid ub-b-btm-wdt_1px ub-b-lft-wdt_1px ub-b-rgt-wdt_1px ub-b-top-wdt_1px ub-color_474d66 ub-fnt-sze_12px ub-ln-ht_16px ub-pl_12px ub-pr_12px ub-tstn_n1akt6 ub-h_32px ub-bg-clr_white ub-color_8f95b2_1b2gqua ub-crsr_not-allowed_10nxvc1 ub-bg-clr_F4F5F9_10nxvc1 ub-color_696f8c_10nxvc1 ub-z-idx_2_1bcl2f4 ub-bs_13po50p_1bcl2f4 ub-b-btm-clr_ADC2FF_1bcl2f4 ub-b-lft-clr_ADC2FF_1bcl2f4 ub-b-rgt-clr_ADC2FF_1bcl2f4 ub-b-top-clr_ADC2FF_1bcl2f4 ub-b-btm-clr_D14343_fpx4do ub-b-lft-clr_D14343_fpx4do ub-b-rgt-clr_D14343_fpx4do ub-b-top-clr_D14343_fpx4do ub-box-szg_border-box"
          spellcheck="true"
          type="text"
          value=""
        />
      </div>
    </div>
  </div>
</DocumentFragment>
`;
